2023-03-17 03:22:47,750 "app" CRITICAL "factorial" "41" "number is 5 operation is factorial, result is 120"
2023-03-17 03:22:47,761 "app" CRITICAL "test_factorial" "43" "number is 5, operation is factorial, result is 120"
2023-03-17 03:22:47,762 "app" CRITICAL "natural_logarithm" "26" "number is 1.0, operation is natural logarithm, result is 0.0"
2023-03-17 03:22:47,763 "app" CRITICAL "test_natural_logarithm" "27" "number is 1, operation is natural logarithm, result is 0.0"
2023-03-17 03:22:47,763 "app" CRITICAL "power" "34" "number is 2.0, exponent is 3.0, operation is power, result is 8.0"
2023-03-17 03:22:47,764 "app" CRITICAL "test_power" "35" "number is 2, exponent is 3, operation is power, result is 8.0"
2023-03-17 03:22:47,764 "app" CRITICAL "square_root" "19" "number is 4.0, operation is square root, result is 2.0"
2023-03-17 03:22:47,765 "app" CRITICAL "test_square_root" "19" "number is 4, operation is square root, result is 2.0"
2023-03-17 03:24:48,685 "app" CRITICAL "factorial" "41" "number is 5 operation is factorial, result is 120"
2023-03-17 03:24:48,695 "app" CRITICAL "test_factorial" "43" "number is 5, operation is factorial, result is 120"
2023-03-17 03:24:48,696 "app" CRITICAL "natural_logarithm" "26" "number is 1.0, operation is natural logarithm, result is 0.0"
2023-03-17 03:24:48,697 "app" CRITICAL "test_natural_logarithm" "27" "number is 1, operation is natural logarithm, result is 0.0"
2023-03-17 03:24:48,698 "app" CRITICAL "power" "34" "number is 2.0, exponent is 3.0, operation is power, result is 8.0"
2023-03-17 03:24:48,698 "app" CRITICAL "test_power" "35" "number is 2, exponent is 3, operation is power, result is 8.0"
2023-03-17 03:24:48,699 "app" CRITICAL "square_root" "19" "number is 4.0, operation is square root, result is 2.0"
2023-03-17 03:24:48,699 "app" CRITICAL "test_square_root" "19" "number is 4, operation is square root, result is 2.0"
2023-03-17 03:31:06,384 "app" CRITICAL "factorial" "41" "number is 5 operation is factorial, result is 120"
2023-03-17 03:31:06,396 "app" CRITICAL "test_factorial" "43" "number is 5, operation is factorial, result is 120"
2023-03-17 03:31:06,396 "app" CRITICAL "natural_logarithm" "26" "number is 1.0, operation is natural logarithm, result is 0.0"
2023-03-17 03:31:06,397 "app" CRITICAL "test_natural_logarithm" "27" "number is 1, operation is natural logarithm, result is 0.0"
2023-03-17 03:31:06,398 "app" CRITICAL "power" "34" "number is 2.0, exponent is 3.0, operation is power, result is 8.0"
2023-03-17 03:31:06,398 "app" CRITICAL "test_power" "35" "number is 2, exponent is 3, operation is power, result is 8.0"
2023-03-17 03:31:06,399 "app" CRITICAL "square_root" "19" "number is 4.0, operation is square root, result is 2.0"
2023-03-17 03:31:06,400 "app" CRITICAL "test_square_root" "19" "number is 4, operation is square root, result is 2.0"
